<?xml version="1.0" encoding="UTF-8" standalone="no"?>
<map height="17" width="17">
  <tile height="9.000015" x="0" y="17">
    <ground id="sa"/>
    <level value="0"/>
  </tile>
  <tile height="9.000015" x="0" y="16">
    <ground id="sa"/>
    <level value="0"/>
  </tile>
  <tile height="-1.9999695" x="0" y="15">
    <ground id="sa"/>
    <level value="0"/>
  </tile>
  <tile height="0.99998474" x="0" y="14">
    <ground id="sa"/>
    <level value="0"/>
  </tile>
  <tile height="-13.0000305" x="0" y="13">
    <ground id="sa"/>
    <level value="0"/>
  </tile>
  <tile height="-18.00003" x="0" y="12">
    <ground id="sa"/>
    <level value="0"/>
  </tile>
  <tile height="-31.99997" x="0" y="11">
    <ground id="sa"/>
    <level value="0"/>
  </tile>
  <tile height="-30.0" x="0" y="10">
    <ground id="sa"/>
    <level value="0"/>
  </tile>
  <tile height="-35.0" x="0" y="9">
    <ground id="sa"/>
    <level value="0"/>
  </tile>
  <tile height="-35.999985" x="0" y="8">
    <ground id="sa"/>
    <level value="0"/>
  </tile>
  <tile height="-33.00003" x="0" y="7">
    <ground id="sa"/>
    <level value="0"/>
  </tile>
  <tile height="-25.0" x="0" y="6">
    <ground id="sa"/>
    <level value="0"/>
  </tile>
  <tile height="-20.999985" x="0" y="5">
    <ground id="sa"/>
    <level value="0"/>
  </tile>
  <tile height="-24.000015" x="0" y="4">
    <ground id="sa"/>
    <level value="0"/>
  </tile>
  <tile height="-29.000015" x="0" y="3">
    <ground id="sa"/>
    <level value="0"/>
  </tile>
  <tile height="-23.00003" x="0" y="2">
    <ground id="sa"/>
    <level value="0"/>
  </tile>
  <tile height="-15.999985" x="0" y="1">
    <ground id="sa"/>
    <level value="0"/>
  </tile>
  <tile height="-15.0" x="0" y="0">
    <ground id="sa"/>
    <level value="0"/>
  </tile>
  <tile height="10.0" x="1" y="17">
    <ground id="sa"/>
    <level value="0"/>
  </tile>
  <tile height="-3.0000305" x="1" y="16">
    <ground id="sa"/>
    <level value="0">
      <hWall id="sWall" reversed="true"/>
    </level>
  </tile>
  <tile height="-3.0000305" x="1" y="15">
    <ground id="di"/>
    <level value="0">
      <vWall id="sWall"/>
    </level>
  </tile>
  <tile height="-3.0000305" x="1" y="14">
    <ground id="di"/>
    <level value="0">
      <hWall id="sdDoor"/>
      <vWall id="sWall"/>
    </level>
  </tile>
  <tile height="-23.00003" x="1" y="13">
    <ground id="rcs"/>
    <level value="0">
      <vWall id="tsFence"/>
    </level>
  </tile>
  <tile height="-23.00003" x="1" y="12">
    <ground id="rcs"/>
    <level value="0">
      <vWall id="tsFence"/>
    </level>
  </tile>
  <tile height="-23.00003" x="1" y="11">
    <ground id="rcs"/>
    <level value="0">
      <vWall id="tsFence"/>
    </level>
  </tile>
  <tile height="-23.00003" x="1" y="10">
    <ground id="rcs"/>
    <level value="0">
      <vWall id="tsFence"/>
    </level>
  </tile>
  <tile height="-23.00003" x="1" y="9">
    <ground id="rcs"/>
    <level value="0">
      <vWall id="tsFence"/>
    </level>
  </tile>
  <tile height="-23.00003" x="1" y="8">
    <ground id="rcs"/>
    <level value="0">
      <vWall id="tsPort"/>
    </level>
  </tile>
  <tile height="-23.00003" x="1" y="7">
    <ground id="rcs"/>
    <level value="0">
      <vWall id="tsFence"/>
    </level>
  </tile>
  <tile height="-23.00003" x="1" y="6">
    <ground id="rcs"/>
    <level value="0">
      <vWall id="tsFence"/>
    </level>
  </tile>
  <tile height="-23.00003" x="1" y="5">
    <ground id="rcs"/>
    <level value="0">
      <vWall id="tsFence"/>
    </level>
  </tile>
  <tile height="-23.00003" x="1" y="4">
    <ground id="rcs"/>
    <level value="0">
      <vWall id="tsFence"/>
    </level>
  </tile>
  <tile height="-3.0000305" x="1" y="3">
    <ground id="rcs"/>
    <level value="0">
      <hWall id="sdDoor" reversed="true"/>
      <vWall id="tsFence"/>
    </level>
  </tile>
  <tile height="-3.0000305" x="1" y="2">
    <ground id="pd"/>
    <level value="0">
      <vWall id="sWall"/>
      <floor id="wFloor" orientation="UP"/>
    </level>
  </tile>
  <tile height="-3.0000305" x="1" y="1">
    <ground id="pd"/>
    <level value="0">
      <hWall id="sWall"/>
      <vWall id="sWall"/>
      <floor id="wFloor" orientation="UP"/>
    </level>
  </tile>
  <tile height="-11.9999695" x="1" y="0">
    <ground id="sa"/>
    <level value="0"/>
  </tile>
  <tile height="10.999985" x="2" y="17">
    <ground id="sa"/>
    <level value="0"/>
  </tile>
  <tile height="-3.0000305" x="2" y="16">
    <ground id="sa"/>
    <level value="0">
      <hWall id="sWall" reversed="true"/>
    </level>
  </tile>
  <tile height="-3.0000305" x="2" y="15">
    <ground id="di"/>
    <level value="0"/>
  </tile>
  <tile height="-3.0000305" x="2" y="14">
    <ground id="di"/>
    <level value="0">
      <hWall id="sWall"/>
    </level>
  </tile>
  <tile height="-23.00003" x="2" y="13">
    <ground id="gr"/>
    <level value="0"/>
  </tile>
  <tile height="-23.00003" x="2" y="12">
    <ground id="gr"/>
    <level value="0"/>
  </tile>
  <tile height="-23.00003" x="2" y="11">
    <ground id="gr"/>
    <level value="0"/>
  </tile>
  <tile height="-23.00003" x="2" y="10">
    <ground id="gr"/>
    <level value="0"/>
  </tile>
  <tile height="-23.00003" x="2" y="9">
    <ground id="gr"/>
    <level value="0"/>
  </tile>
  <tile height="-23.00003" x="2" y="8">
    <ground id="rcs"/>
    <level value="0"/>
  </tile>
  <tile height="-23.00003" x="2" y="7">
    <ground id="gr"/>
    <level value="0"/>
  </tile>
  <tile height="-23.00003" x="2" y="6">
    <ground id="gr"/>
    <level value="0"/>
  </tile>
  <tile height="-23.00003" x="2" y="5">
    <ground id="pd"/>
    <level value="0"/>
  </tile>
  <tile height="-23.00003" x="2" y="4">
    <ground id="pd"/>
    <level value="0"/>
  </tile>
  <tile height="-3.0000305" x="2" y="3">
    <ground id="pd"/>
    <level value="0">
      <hWall id="sWall" reversed="true"/>
    </level>
  </tile>
  <tile height="-3.0000305" x="2" y="2">
    <ground id="pd"/>
    <level value="0">
      <floor id="wFloor" orientation="UP"/>
    </level>
  </tile>
  <tile height="-3.0000305" x="2" y="1">
    <ground id="pd"/>
    <level value="0">
      <hWall id="sWall"/>
      <floor id="wFloor" orientation="UP"/>
    </level>
  </tile>
  <tile height="-15.0" x="2" y="0">
    <ground id="sa"/>
    <level value="0"/>
  </tile>
  <tile height="8.0000305" x="3" y="17">
    <ground id="sa"/>
    <level value="0"/>
  </tile>
  <tile height="-3.0000305" x="3" y="16">
    <ground id="sa"/>
    <level value="0">
      <hWall id="tsFence"/>
    </level>
  </tile>
  <tile height="-3.0000305" x="3" y="15">
    <ground id="rcs"/>
    <level value="0">
      <vWall id="sdDoor" reversed="true"/>
    </level>
  </tile>
  <tile height="-3.0000305" x="3" y="14">
    <ground id="gr"/>
    <level value="0">
      <vWall id="sWall" reversed="true"/>
    </level>
  </tile>
  <tile height="-23.00003" x="3" y="13">
    <ground id="gr"/>
    <level value="0"/>
  </tile>
  <tile height="-23.00003" x="3" y="12">
    <ground id="gr"/>
    <level value="0"/>
  </tile>
  <tile height="-23.00003" x="3" y="11">
    <ground id="gr"/>
    <level value="0"/>
  </tile>
  <tile height="-23.00003" x="3" y="10">
    <ground id="rcs"/>
    <level value="0"/>
  </tile>
  <tile height="-23.00003" x="3" y="9">
    <ground id="rcs"/>
    <level value="0"/>
  </tile>
  <tile height="-23.00003" x="3" y="8">
    <ground id="rcs"/>
    <level value="0"/>
  </tile>
  <tile height="-23.00003" x="3" y="7">
    <ground id="rcs"/>
    <level value="0"/>
  </tile>
  <tile height="-23.00003" x="3" y="6">
    <ground id="rcs"/>
    <level value="0"/>
  </tile>
  <tile height="-23.00003" x="3" y="5">
    <ground id="pd"/>
    <level value="0"/>
  </tile>
  <tile height="-23.00003" x="3" y="4">
    <ground id="pd"/>
    <level value="0"/>
  </tile>
  <tile height="-3.0000305" x="3" y="3">
    <ground id="pd"/>
    <level value="0"/>
  </tile>
  <tile height="-3.0000305" x="3" y="2">
    <ground id="pd"/>
    <level value="0">
      <vWall id="sWall" reversed="true"/>
    </level>
  </tile>
  <tile height="-3.0000305" x="3" y="1">
    <ground id="rcs"/>
    <level value="0">
      <hWall id="tsFence"/>
      <vWall id="sdDoor" reversed="true"/>
    </level>
  </tile>
  <tile height="-15.999985" x="3" y="0">
    <ground id="sa"/>
    <level value="0"/>
  </tile>
  <tile height="15.0" x="4" y="17">
    <ground id="sa"/>
    <level value="0"/>
  </tile>
  <tile height="-3.0000305" x="4" y="16">
    <ground id="sa"/>
    <level value="0">
      <hWall id="tsFence"/>
    </level>
  </tile>
  <tile height="-3.0000305" x="4" y="15">
    <ground id="rcs"/>
    <level value="0"/>
  </tile>
  <tile height="-3.0000305" x="4" y="14">
    <ground id="gr"/>
    <level value="0"/>
  </tile>
  <tile height="-23.00003" x="4" y="13">
    <ground id="pd"/>
    <level value="0"/>
  </tile>
  <tile height="-23.00003" x="4" y="12">
    <ground id="gr"/>
    <level value="0"/>
  </tile>
  <tile height="-23.00003" x="4" y="11">
    <ground id="gr"/>
    <level value="0"/>
  </tile>
  <tile height="-23.00003" x="4" y="10">
    <ground id="rcs"/>
    <level value="0">
      <hWall id="sWall" reversed="true"/>
    </level>
    <level value="1">
      <hWall id="tWall" reversed="true"/>
    </level>
  </tile>
  <tile height="-23.00003" x="4" y="9">
    <ground id="pd"/>
    <level value="0">
      <vWall id="sWall"/>
      <floor id="wFloor" orientation="UP"/>
    </level>
    <level value="1">
      <vWall id="tWall"/>
      <floor id="wOpen" orientation="DOWN"/>
    </level>
    <level value="2">
      <roof id="pRoof"/>
    </level>
  </tile>
  <tile height="-23.00003" x="4" y="8">
    <ground id="pd"/>
    <level value="0">
      <hWall id="sWall"/>
      <vWall id="sDoor"/>
      <floor id="wFloor" orientation="UP"/>
    </level>
    <level value="1">
      <hWall id="tWindow"/>
      <vWall id="tBalcony"/>
      <floor id="wFloor" orientation="UP"/>
    </level>
    <level value="2">
      <roof id="pRoof"/>
    </level>
  </tile>
  <tile height="-23.00003" x="4" y="7">
    <ground id="pd"/>
    <level value="0">
      <hWall id="sArch"/>
      <vWall id="sArch"/>
      <floor id="wFloor" orientation="UP"/>
    </level>
    <level value="1">
      <floor id="wFloor" orientation="UP"/>
    </level>
  </tile>
  <tile height="-23.00003" x="4" y="6">
    <ground id="rcs"/>
    <level value="0">
      <hWall id="sWall" reversed="true"/>
    </level>
    <level value="1">
      <hWall id="tWall" reversed="true"/>
    </level>
  </tile>
  <tile height="-23.00003" x="4" y="5">
    <ground id="pd"/>
    <level value="0">
      <vWall id="sWindow"/>
      <floor id="wFloor" orientation="UP"/>
    </level>
    <level value="1">
      <vWall id="tWall"/>
      <floor id="wFloor" orientation="DOWN"/>
    </level>
    <level value="2">
      <roof id="pRoof"/>
    </level>
  </tile>
  <tile height="-23.00003" x="4" y="4">
    <ground id="pd"/>
    <level value="0">
      <hWall id="sWall"/>
      <vWall id="sWall"/>
      <floor id="wFloor" orientation="UP"/>
    </level>
    <level value="1">
      <hWall id="tWindow"/>
      <vWall id="tWindow"/>
      <floor id="wFloor" orientation="DOWN"/>
    </level>
    <level value="2">
      <roof id="pRoof"/>
    </level>
  </tile>
  <tile height="-23.00003" x="4" y="3">
    <ground id="gr"/>
    <level value="0"/>
  </tile>
  <tile height="-23.00003" x="4" y="2">
    <ground id="gr"/>
    <level value="0"/>
  </tile>
  <tile height="-23.00003" x="4" y="1">
    <ground id="rcs"/>
    <level value="0">
      <hWall id="tsFence"/>
    </level>
  </tile>
  <tile height="-20.0" x="4" y="0">
    <ground id="sa"/>
    <level value="0"/>
  </tile>
  <tile height="14.000015" x="5" y="17">
    <ground id="sa"/>
    <level value="0"/>
  </tile>
  <tile height="-3.0000305" x="5" y="16">
    <ground id="sa"/>
    <level value="0">
      <hWall id="tsFence"/>
    </level>
  </tile>
  <tile height="-3.0000305" x="5" y="15">
    <ground id="rcs"/>
    <level value="0"/>
  </tile>
  <tile height="-3.0000305" x="5" y="14">
    <ground id="gr"/>
    <level value="0"/>
  </tile>
  <tile height="-23.00003" x="5" y="13">
    <ground id="gr"/>
    <level value="0"/>
  </tile>
  <tile height="-23.00003" x="5" y="12">
    <ground id="rcs"/>
    <level value="0"/>
  </tile>
  <tile height="-23.00003" x="5" y="11">
    <ground id="rcs"/>
    <level value="0"/>
  </tile>
  <tile height="-23.00003" x="5" y="10">
    <ground id="rcs"/>
    <level value="0">
      <hWall id="sWindow" reversed="true"/>
    </level>
    <level value="1">
      <hWall id="tJetty" reversed="true"/>
    </level>
  </tile>
  <tile height="-23.00003" x="5" y="9">
    <ground id="pd"/>
    <level value="0">
      <floor id="wFloor" orientation="UP"/>
    </level>
    <level value="1">
      <floor id="wFloor" orientation="UP"/>
    </level>
    <level value="2">
      <roof id="pRoof"/>
    </level>
  </tile>
  <tile height="-23.00003" x="5" y="8">
    <ground id="pd"/>
    <level value="0">
      <floor id="wFloor" orientation="UP"/>
    </level>
    <level value="1">
      <hWall id="tdDoor"/>
      <floor id="wFloor" orientation="UP"/>
    </level>
    <level value="2">
      <roof id="pRoof"/>
    </level>
  </tile>
  <tile height="-23.00003" x="5" y="7">
    <ground id="pd"/>
    <level value="0">
      <hWall id="sWall"/>
      <vWall id="sWall"/>
      <floor id="wFloor" orientation="UP"/>
    </level>
    <level value="1">
      <hWall id="wFence"/>
      <floor id="wFloor" orientation="UP"/>
    </level>
  </tile>
  <tile height="-23.00003" x="5" y="6">
    <ground id="rcs"/>
    <level value="0">
      <hWall id="sWall" reversed="true"/>
    </level>
    <level value="1">
      <hWall id="tWall" reversed="true"/>
    </level>
  </tile>
  <tile height="-23.00003" x="5" y="5">
    <ground id="pd"/>
    <level value="0">
      <floor id="wFloor" orientation="UP"/>
    </level>
    <level value="1">
      <floor id="wFloor" orientation="DOWN"/>
    </level>
    <level value="2">
      <roof id="pRoof"/>
    </level>
  </tile>
  <tile height="-23.00003" x="5" y="4">
    <ground id="pd"/>
    <level value="0">
      <hWall id="sWindow"/>
      <floor id="wFloor" orientation="UP"/>
    </level>
    <level value="1">
      <hWall id="tWall"/>
      <floor id="wStair" orientation="DOWN"/>
    </level>
    <level value="2">
      <roof id="pRoof"/>
    </level>
  </tile>
  <tile height="-23.00003" x="5" y="3">
    <ground id="pd"/>
    <level value="0"/>
  </tile>
  <tile height="-23.00003" x="5" y="2">
    <ground id="pd"/>
    <level value="0"/>
  </tile>
  <tile height="-23.00003" x="5" y="1">
    <ground id="rcs"/>
    <level value="0">
      <hWall id="tsFence"/>
    </level>
  </tile>
  <tile height="-21.99997" x="5" y="0">
    <ground id="sa"/>
    <level value="0"/>
  </tile>
  <tile height="18.00003" x="6" y="17">
    <ground id="sa"/>
    <level value="0"/>
  </tile>
  <tile height="-3.0000305" x="6" y="16">
    <ground id="sa"/>
    <level value="0">
      <hWall id="tsFence"/>
    </level>
  </tile>
  <tile height="-3.0000305" x="6" y="15">
    <ground id="rcs"/>
    <level value="0"/>
  </tile>
  <tile height="-3.0000305" x="6" y="14">
    <ground id="pd"/>
    <level value="0"/>
  </tile>
  <tile height="-23.00003" x="6" y="13">
    <ground id="gr"/>
    <level value="0"/>
  </tile>
  <tile height="-23.00003" x="6" y="12">
    <ground id="rcs"/>
    <level value="0">
      <hWall id="wWall" reversed="true"/>
    </level>
  </tile>
  <tile height="-23.00003" x="6" y="11">
    <ground id="pd"/>
    <level value="0">
      <hWall id="psdDoor"/>
      <vWall id="psWall"/>
      <floor id="wFloor" orientation="UP"/>
    </level>
    <level value="1">
      <roof id="pRoof"/>
    </level>
  </tile>
  <tile height="-23.00003" x="6" y="10">
    <ground id="rcs"/>
    <level value="0"/>
  </tile>
  <tile height="-23.00003" x="6" y="9">
    <ground id="rcs"/>
    <level value="0">
      <vWall id="sWall" reversed="true"/>
    </level>
    <level value="1">
      <vWall id="tWall" reversed="true"/>
    </level>
  </tile>
  <tile height="-23.00003" x="6" y="8">
    <ground id="rcs"/>
    <level value="0">
      <vWall id="sDoor" reversed="true"/>
    </level>
    <level value="1">
      <vWall id="tWall" reversed="true"/>
    </level>
  </tile>
  <tile height="-23.00003" x="6" y="7">
    <ground id="rcs"/>
    <level value="0">
      <vWall id="sWall" reversed="true"/>
    </level>
    <level value="1">
      <vWall id="wFence"/>
    </level>
  </tile>
  <tile height="-23.00003" x="6" y="6">
    <ground id="rcs"/>
    <level value="0">
      <hWall id="sDoor" reversed="true"/>
    </level>
    <level value="1">
      <hWall id="tBalcony" reversed="true"/>
    </level>
  </tile>
  <tile height="-23.00003" x="6" y="5">
    <ground id="pd"/>
    <level value="0">
      <floor id="wFloor" orientation="UP"/>
    </level>
    <level value="1">
      <floor id="wFloor" orientation="DOWN"/>
    </level>
    <level value="2">
      <roof id="pRoof"/>
    </level>
  </tile>
  <tile height="-23.00003" x="6" y="4">
    <ground id="pd"/>
    <level value="0">
      <hWall id="sWall"/>
      <floor id="wFloor" orientation="UP"/>
    </level>
    <level value="1">
      <hWall id="tJetty"/>
      <floor id="wFloor" orientation="DOWN"/>
    </level>
    <level value="2">
      <roof id="pRoof"/>
    </level>
  </tile>
  <tile height="-23.00003" x="6" y="3">
    <ground id="pd"/>
    <level value="0"/>
  </tile>
  <tile height="-23.00003" x="6" y="2">
    <ground id="gr"/>
    <level value="0"/>
  </tile>
  <tile height="-23.00003" x="6" y="1">
    <ground id="rcs"/>
    <level value="0">
      <hWall id="tsFence"/>
    </level>
  </tile>
  <tile height="-24.000015" x="6" y="0">
    <ground id="sa"/>
    <level value="0"/>
  </tile>
  <tile height="20.0" x="7" y="17">
    <ground id="sa"/>
    <level value="0"/>
  </tile>
  <tile height="-3.0000305" x="7" y="16">
    <ground id="sa"/>
    <level value="0">
      <hWall id="tsFence"/>
    </level>
  </tile>
  <tile height="-3.0000305" x="7" y="15">
    <ground id="rcs"/>
    <level value="0"/>
  </tile>
  <tile height="-3.0000305" x="7" y="14">
    <ground id="rcs"/>
    <level value="0"/>
  </tile>
  <tile height="-23.00003" x="7" y="13">
    <ground id="gr"/>
    <level value="0"/>
  </tile>
  <tile height="-23.00003" x="7" y="12">
    <ground id="rcs"/>
    <level value="0">
      <hWall id="wCanopy" reversed="true"/>
    </level>
  </tile>
  <tile height="-23.00003" x="7" y="11">
    <ground id="pd"/>
    <level value="0">
      <hWall id="wWall"/>
      <floor id="wFloor" orientation="UP"/>
    </level>
    <level value="1">
      <roof id="pRoof"/>
    </level>
  </tile>
  <tile height="-23.00003" x="7" y="10">
    <ground id="rcs"/>
    <level value="0">
      <hWall id="psdDoor" reversed="true"/>
    </level>
    <level value="1">
      <hWall id="psBars" reversed="true"/>
    </level>
  </tile>
  <tile height="-23.00003" x="7" y="9">
    <ground id="pd"/>
    <level value="0">
      <vWall id="psdDoor"/>
      <floor id="wFloor" orientation="DOWN"/>
    </level>
    <level value="1">
      <vWall id="psBars"/>
      <floor id="pbOpen" orientation="UP"/>
    </level>
    <level value="2">
      <floor id="wFloor" orientation="UP"/>
    </level>
  </tile>
  <tile height="-23.00003" x="7" y="8">
    <ground id="pd"/>
    <level value="0">
      <vWall id="psdDoor"/>
      <floor id="wFloor" orientation="UP"/>
    </level>
    <level value="1">
      <vWall id="psBars"/>
      <floor id="pbOpen" orientation="UP"/>
    </level>
    <level value="2">
      <floor id="wFloor" orientation="UP"/>
    </level>
  </tile>
  <tile height="-23.00003" x="7" y="7">
    <ground id="pd"/>
    <level value="0">
      <hWall id="psdDoor"/>
      <vWall id="psdDoor"/>
      <floor id="wFloor" orientation="DOWN"/>
    </level>
    <level value="1">
      <hWall id="psBars"/>
      <vWall id="psBars"/>
      <floor id="pbOpen" orientation="UP"/>
    </level>
    <level value="2">
      <floor id="wFloor" orientation="UP"/>
    </level>
  </tile>
  <tile height="-23.00003" x="7" y="6">
    <ground id="rcs"/>
    <level value="0"/>
  </tile>
  <tile height="-23.00003" x="7" y="5">
    <ground id="rcs"/>
    <level value="0">
      <vWall id="sDoor" reversed="true"/>
    </level>
    <level value="1">
      <vWall id="tWindow" reversed="true"/>
    </level>
  </tile>
  <tile height="-23.00003" x="7" y="4">
    <ground id="pd"/>
    <level value="0">
      <vWall id="sWindow" reversed="true"/>
    </level>
    <level value="1">
      <vWall id="tWall" reversed="true"/>
    </level>
  </tile>
  <tile height="-23.00003" x="7" y="3">
    <ground id="pd"/>
    <level value="0"/>
  </tile>
  <tile height="-23.00003" x="7" y="2">
    <ground id="pd"/>
    <level value="0"/>
  </tile>
  <tile height="-23.00003" x="7" y="1">
    <ground id="rcs"/>
    <level value="0">
      <hWall id="tsFence"/>
    </level>
  </tile>
  <tile height="-21.99997" x="7" y="0">
    <ground id="sa"/>
    <level value="0"/>
  </tile>
  <tile height="25.999985" x="8" y="17">
    <ground id="sa"/>
    <level value="0"/>
  </tile>
  <tile height="-10.999985" x="8" y="16">
    <ground id="sa"/>
    <level value="0">
      <hWall id="tsFence"/>
    </level>
  </tile>
  <tile height="-11.9999695" x="8" y="15">
    <ground id="gr"/>
    <level value="0"/>
  </tile>
  <tile height="-11.9999695" x="8" y="14">
    <ground id="rcs"/>
    <level value="0"/>
  </tile>
  <tile height="-23.00003" x="8" y="13">
    <ground id="rcs"/>
    <level value="0"/>
  </tile>
  <tile height="-23.00003" x="8" y="12">
    <ground id="rcs"/>
    <level value="0"/>
  </tile>
  <tile height="-23.00003" x="8" y="11">
    <ground id="rcs"/>
    <level value="0">
      <vWall id="sWall" reversed="true"/>
    </level>
  </tile>
  <tile height="-23.00003" x="8" y="10">
    <ground id="rcs"/>
    <level value="0">
      <hWall id="psdDoor" reversed="true"/>
    </level>
    <level value="1">
      <hWall id="psBars" reversed="true"/>
    </level>
  </tile>
  <tile height="-23.00003" x="8" y="9">
    <ground id="pd"/>
    <level value="0">
      <hWall id="psdDoor"/>
      <floor id="wFloor" orientation="UP"/>
    </level>
    <level value="1">
      <hWall id="psArch"/>
      <vWall id="wArch"/>
      <floor id="pbOpen" orientation="UP"/>
    </level>
    <level value="2">
      <floor id="wFloor" orientation="UP"/>
    </level>
  </tile>
  <tile height="-23.00003" x="8" y="8">
    <ground id="rcs"/>
    <level value="0">
      <object id="token" position="MIDDLE_CENTER" rotation="0.0"/>
      <hWall id="psdDoor" reversed="true"/>
      <vWall id="psdDoor" reversed="true"/>
    </level>
    <level value="1">
      <hWall id="psArch" reversed="true"/>
      <vWall id="psArch" reversed="true"/>
    </level>
  </tile>
  <tile height="-23.00003" x="8" y="7">
    <ground id="di"/>
    <level value="0">
      <hWall id="psdDoor"/>
      <floor id="wFloor" orientation="UP"/>
    </level>
    <level value="1">
      <hWall id="psBars"/>
      <floor id="pbOpen" orientation="UP"/>
    </level>
    <level value="2">
      <floor id="wFloor" orientation="UP"/>
    </level>
  </tile>
  <tile height="-23.00003" x="8" y="6">
    <ground id="rcs"/>
    <level value="0"/>
  </tile>
  <tile height="-23.00003" x="8" y="5">
    <ground id="rcs"/>
    <level value="0"/>
  </tile>
  <tile height="-23.00003" x="8" y="4">
    <ground id="rcs"/>
    <level value="0"/>
  </tile>
  <tile height="-23.00003" x="8" y="3">
    <ground id="rcs"/>
    <level value="0"/>
  </tile>
  <tile height="-23.00003" x="8" y="2">
    <ground id="rcs"/>
    <level value="0"/>
  </tile>
  <tile height="-23.00003" x="8" y="1">
    <ground id="rcs"/>
    <level value="0">
      <hWall id="tsPort"/>
    </level>
  </tile>
  <tile height="-24.000015" x="8" y="0">
    <ground id="sa"/>
    <level value="0"/>
  </tile>
  <tile height="24.000015" x="9" y="17">
    <ground id="sa"/>
    <level value="0"/>
  </tile>
  <tile height="-9.000015" x="9" y="16">
    <ground id="sa"/>
    <level value="0">
      <hWall id="tsFence"/>
    </level>
  </tile>
  <tile height="-11.9999695" x="9" y="15">
    <ground id="rcs"/>
    <level value="0"/>
  </tile>
  <tile height="-11.9999695" x="9" y="14">
    <ground id="rcs"/>
    <level value="0"/>
  </tile>
  <tile height="-23.00003" x="9" y="13">
    <ground id="pd"/>
    <level value="0"/>
  </tile>
  <tile height="-21.99997" x="9" y="12">
    <ground id="fi"/>
    <level value="0"/>
  </tile>
  <tile height="-23.00003" x="9" y="11">
    <ground id="rcs"/>
    <level value="0"/>
  </tile>
  <tile height="-23.00003" x="9" y="10">
    <ground id="rcs"/>
    <level value="0">
      <hWall id="psdDoor" reversed="true"/>
    </level>
    <level value="1">
      <hWall id="psBars" reversed="true"/>
    </level>
  </tile>
  <tile height="-23.00003" x="9" y="9">
    <ground id="pd"/>
    <level value="0">
      <floor id="wFloor" orientation="DOWN"/>
    </level>
    <level value="1">
      <floor id="pbOpen" orientation="DOWN"/>
    </level>
    <level value="2">
      <floor id="wFloor" orientation="UP"/>
    </level>
  </tile>
  <tile height="-23.00003" x="9" y="8">
    <ground id="pd"/>
    <level value="0">
      <vWall id="psdDoor"/>
      <floor id="wFloor" orientation="UP"/>
    </level>
    <level value="1">
      <vWall id="psArch"/>
      <floor id="pbOpen" orientation="DOWN"/>
    </level>
    <level value="2">
      <floor id="wFloor" orientation="UP"/>
    </level>
  </tile>
  <tile height="-23.00003" x="9" y="7">
    <ground id="di"/>
    <level value="0">
      <hWall id="psdDoor"/>
      <floor id="wFloor" orientation="DOWN"/>
    </level>
    <level value="1">
      <hWall id="psBars"/>
      <floor id="pbOpen" orientation="DOWN"/>
    </level>
    <level value="2">
      <floor id="wFloor" orientation="UP"/>
    </level>
  </tile>
  <tile height="-23.00003" x="9" y="6">
    <ground id="rcs"/>
    <level value="0"/>
  </tile>
  <tile height="-23.00003" x="9" y="5">
    <ground id="fi"/>
    <level value="0"/>
  </tile>
  <tile height="-23.00003" x="9" y="4">
    <ground id="fi"/>
    <level value="0"/>
  </tile>
  <tile height="-23.00003" x="9" y="3">
    <ground id="fi"/>
    <level value="0"/>
  </tile>
  <tile height="-23.00003" x="9" y="2">
    <ground id="fi"/>
    <level value="0"/>
  </tile>
  <tile height="-23.00003" x="9" y="1">
    <ground id="rcs"/>
    <level value="0">
      <hWall id="tsFence"/>
    </level>
  </tile>
  <tile height="-23.00003" x="9" y="0">
    <ground id="sa"/>
    <level value="0"/>
  </tile>
  <tile height="21.99997" x="10" y="17">
    <ground id="sa"/>
    <level value="0"/>
  </tile>
  <tile height="-3.0000305" x="10" y="16">
    <ground id="sa"/>
    <level value="0">
      <hWall id="tsFence"/>
    </level>
  </tile>
  <tile height="-3.0000305" x="10" y="15">
    <ground id="fi"/>
    <level value="0">
      <vWall id="tsFence"/>
    </level>
  </tile>
  <tile height="-3.0000305" x="10" y="14">
    <ground id="fi"/>
    <level value="0">
      <hWall id="tsPort"/>
      <vWall id="tsFence"/>
    </level>
  </tile>
  <tile height="-23.00003" x="10" y="13">
    <ground id="pd"/>
    <level value="0"/>
  </tile>
  <tile height="-23.00003" x="10" y="12">
    <ground id="fi"/>
    <level value="0"/>
  </tile>
  <tile height="-23.00003" x="10" y="11">
    <ground id="fi"/>
    <level value="0"/>
  </tile>
  <tile height="-23.00003" x="10" y="10">
    <ground id="rcs"/>
    <level value="0"/>
  </tile>
  <tile height="-23.00003" x="10" y="9">
    <ground id="rcs"/>
    <level value="0">
      <vWall id="psdDoor" reversed="true"/>
    </level>
    <level value="1">
      <vWall id="psBars" reversed="true"/>
    </level>
  </tile>
  <tile height="-23.00003" x="10" y="8">
    <ground id="rcs"/>
    <level value="0">
      <vWall id="psdDoor" reversed="true"/>
    </level>
    <level value="1">
      <vWall id="psBars" reversed="true"/>
    </level>
  </tile>
  <tile height="-23.00003" x="10" y="7">
    <ground id="rcs"/>
    <level value="0">
      <vWall id="psdDoor" reversed="true"/>
    </level>
    <level value="1">
      <vWall id="psBars" reversed="true"/>
    </level>
  </tile>
  <tile height="-23.00003" x="10" y="6">
    <ground id="rcs"/>
    <level value="0"/>
  </tile>
  <tile height="-23.00003" x="10" y="5">
    <ground id="fi"/>
    <level value="0"/>
  </tile>
  <tile height="-23.00003" x="10" y="4">
    <ground id="fi"/>
    <level value="0"/>
  </tile>
  <tile height="-23.00003" x="10" y="3">
    <ground id="fi"/>
    <level value="0"/>
  </tile>
  <tile height="-23.00003" x="10" y="2">
    <ground id="fi"/>
    <level value="0"/>
  </tile>
  <tile height="-23.00003" x="10" y="1">
    <ground id="fi"/>
    <level value="0">
      <hWall id="tsFence"/>
    </level>
  </tile>
  <tile height="-33.00003" x="10" y="0">
    <ground id="sa"/>
    <level value="0"/>
  </tile>
  <tile height="16.99997" x="11" y="17">
    <ground id="sa"/>
    <level value="0"/>
  </tile>
  <tile height="-3.0000305" x="11" y="16">
    <ground id="sa"/>
    <level value="0">
      <hWall id="tsFence"/>
    </level>
  </tile>
  <tile height="-3.0000305" x="11" y="15">
    <ground id="fi"/>
    <level value="0">
      <vWall id="tsFence"/>
    </level>
  </tile>
  <tile height="-3.0000305" x="11" y="14">
    <ground id="fi"/>
    <level value="0">
      <hWall id="tsPort"/>
      <vWall id="tsFence"/>
    </level>
  </tile>
  <tile height="-23.00003" x="11" y="13">
    <ground id="pd"/>
    <level value="0"/>
  </tile>
  <tile height="-23.00003" x="11" y="12">
    <ground id="fi"/>
    <level value="0"/>
  </tile>
  <tile height="-23.00003" x="11" y="11">
    <ground id="fi"/>
    <level value="0"/>
  </tile>
  <tile height="-23.00003" x="11" y="10">
    <ground id="fi"/>
    <level value="0"/>
  </tile>
  <tile height="-23.00003" x="11" y="9">
    <ground id="fi"/>
    <level value="0"/>
  </tile>
  <tile height="-23.00003" x="11" y="8">
    <ground id="rcs"/>
    <level value="0"/>
  </tile>
  <tile height="-23.00003" x="11" y="7">
    <ground id="fi"/>
    <level value="0"/>
  </tile>
  <tile height="-23.00003" x="11" y="6">
    <ground id="fi"/>
    <level value="0"/>
  </tile>
  <tile height="-23.00003" x="11" y="5">
    <ground id="fi"/>
    <level value="0"/>
  </tile>
  <tile height="-23.00003" x="11" y="4">
    <ground id="fi"/>
    <level value="0"/>
  </tile>
  <tile height="-23.00003" x="11" y="3">
    <ground id="fi"/>
    <level value="0"/>
  </tile>
  <tile height="-23.00003" x="11" y="2">
    <ground id="fi"/>
    <level value="0"/>
  </tile>
  <tile height="-23.00003" x="11" y="1">
    <ground id="fi"/>
    <level value="0">
      <hWall id="tsFence"/>
    </level>
  </tile>
  <tile height="-36.99997" x="11" y="0">
    <ground id="sa"/>
    <level value="0"/>
  </tile>
  <tile height="26.99997" x="12" y="17">
    <ground id="sa"/>
    <level value="0"/>
  </tile>
  <tile height="-3.0000305" x="12" y="16">
    <ground id="sa"/>
    <level value="0">
      <hWall id="tsFence"/>
    </level>
  </tile>
  <tile height="-3.0000305" x="12" y="15">
    <ground id="fi"/>
    <level value="0">
      <vWall id="tsFence"/>
    </level>
  </tile>
  <tile height="-3.0000305" x="12" y="14">
    <ground id="fi"/>
    <level value="0">
      <hWall id="tsPort"/>
      <vWall id="tsFence"/>
    </level>
  </tile>
  <tile height="-23.00003" x="12" y="13">
    <ground id="pd"/>
    <level value="0"/>
  </tile>
  <tile height="-23.00003" x="12" y="12">
    <ground id="fi"/>
    <level value="0"/>
  </tile>
  <tile height="-23.00003" x="12" y="11">
    <ground id="fi"/>
    <level value="0"/>
  </tile>
  <tile height="-23.00003" x="12" y="10">
    <ground id="fi"/>
    <level value="0"/>
  </tile>
  <tile height="-23.00003" x="12" y="9">
    <ground id="fi"/>
    <level value="0"/>
  </tile>
  <tile height="-23.00003" x="12" y="8">
    <ground id="rcs"/>
    <level value="0"/>
  </tile>
  <tile height="-23.00003" x="12" y="7">
    <ground id="fi"/>
    <level value="0"/>
  </tile>
  <tile height="-23.00003" x="12" y="6">
    <ground id="fi"/>
    <level value="0"/>
  </tile>
  <tile height="-23.00003" x="12" y="5">
    <ground id="fi"/>
    <level value="0"/>
  </tile>
  <tile height="-23.00003" x="12" y="4">
    <ground id="fi"/>
    <level value="0"/>
  </tile>
  <tile height="-23.00003" x="12" y="3">
    <ground id="fi"/>
    <level value="0"/>
  </tile>
  <tile height="-23.00003" x="12" y="2">
    <ground id="fi"/>
    <level value="0"/>
  </tile>
  <tile height="-23.00003" x="12" y="1">
    <ground id="fi"/>
    <level value="0">
      <hWall id="tsFence"/>
    </level>
  </tile>
  <tile height="-43.00003" x="12" y="0">
    <ground id="sa"/>
    <level value="0"/>
  </tile>
  <tile height="20.0" x="13" y="17">
    <ground id="sa"/>
    <level value="0"/>
  </tile>
  <tile height="-3.0000305" x="13" y="16">
    <ground id="sa"/>
    <level value="0">
      <hWall id="tsFence"/>
    </level>
  </tile>
  <tile height="-3.0000305" x="13" y="15">
    <ground id="fi"/>
    <level value="0">
      <vWall id="tsFence"/>
    </level>
  </tile>
  <tile height="-3.0000305" x="13" y="14">
    <ground id="fi"/>
    <level value="0">
      <hWall id="tsPort"/>
      <vWall id="tsFence"/>
    </level>
  </tile>
  <tile height="-23.00003" x="13" y="13">
    <ground id="pd"/>
    <level value="0"/>
  </tile>
  <tile height="-23.00003" x="13" y="12">
    <ground id="fi"/>
    <level value="0"/>
  </tile>
  <tile height="-23.00003" x="13" y="11">
    <ground id="fi"/>
    <level value="0"/>
  </tile>
  <tile height="-23.00003" x="13" y="10">
    <ground id="fi"/>
    <level value="0"/>
  </tile>
  <tile height="-23.00003" x="13" y="9">
    <ground id="fi"/>
    <level value="0"/>
  </tile>
  <tile height="-23.00003" x="13" y="8">
    <ground id="rcs"/>
    <level value="0"/>
  </tile>
  <tile height="-23.00003" x="13" y="7">
    <ground id="fi"/>
    <level value="0"/>
  </tile>
  <tile height="-23.00003" x="13" y="6">
    <ground id="fi"/>
    <level value="0"/>
  </tile>
  <tile height="-23.00003" x="13" y="5">
    <ground id="fi"/>
    <level value="0"/>
  </tile>
  <tile height="-23.00003" x="13" y="4">
    <ground id="fi"/>
    <level value="0"/>
  </tile>
  <tile height="-23.00003" x="13" y="3">
    <ground id="pd"/>
    <level value="0"/>
  </tile>
  <tile height="-23.00003" x="13" y="2">
    <ground id="pd"/>
    <level value="0"/>
  </tile>
  <tile height="-23.00003" x="13" y="1">
    <ground id="pd"/>
    <level value="0">
      <hWall id="tsFence"/>
    </level>
  </tile>
  <tile height="-43.00003" x="13" y="0">
    <ground id="sa"/>
    <level value="0"/>
  </tile>
  <tile height="20.999985" x="14" y="17">
    <ground id="sa"/>
    <level value="0"/>
  </tile>
  <tile height="-3.0000305" x="14" y="16">
    <ground id="sa"/>
    <level value="0">
      <hWall id="sWall" reversed="true"/>
    </level>
  </tile>
  <tile height="-3.0000305" x="14" y="15">
    <ground id="pd"/>
    <level value="0">
      <vWall id="sdDoor"/>
    </level>
  </tile>
  <tile height="-3.0000305" x="14" y="14">
    <ground id="pd"/>
    <level value="0">
      <hWall id="sWall"/>
      <vWall id="sWall"/>
    </level>
  </tile>
  <tile height="-23.00003" x="14" y="13">
    <ground id="pd"/>
    <level value="0"/>
  </tile>
  <tile height="-23.00003" x="14" y="12">
    <ground id="fi"/>
    <level value="0"/>
  </tile>
  <tile height="-23.00003" x="14" y="11">
    <ground id="fi"/>
    <level value="0"/>
  </tile>
  <tile height="-23.00003" x="14" y="10">
    <ground id="fi"/>
    <level value="0"/>
  </tile>
  <tile height="-23.00003" x="14" y="9">
    <ground id="fi"/>
    <level value="0"/>
  </tile>
  <tile height="-23.00003" x="14" y="8">
    <ground id="rcs"/>
    <level value="0"/>
  </tile>
  <tile height="-23.00003" x="14" y="7">
    <ground id="fi"/>
    <level value="0"/>
  </tile>
  <tile height="-23.00003" x="14" y="6">
    <ground id="fi"/>
    <level value="0"/>
  </tile>
  <tile height="-23.00003" x="14" y="5">
    <ground id="fi"/>
    <level value="0"/>
  </tile>
  <tile height="-23.00003" x="14" y="4">
    <ground id="fi"/>
    <level value="0"/>
  </tile>
  <tile height="-3.0000305" x="14" y="3">
    <ground id="pd"/>
    <level value="0">
      <hWall id="sWall" reversed="true"/>
    </level>
  </tile>
  <tile height="-3.0000305" x="14" y="2">
    <ground id="di"/>
    <level value="0">
      <vWall id="sWall"/>
    </level>
  </tile>
  <tile height="-3.0000305" x="14" y="1">
    <ground id="pd"/>
    <level value="0">
      <hWall id="sWall"/>
      <vWall id="sdDoor"/>
    </level>
  </tile>
  <tile height="-49.000015" x="14" y="0">
    <ground id="sa"/>
    <level value="0"/>
  </tile>
  <tile height="18.00003" x="15" y="17">
    <ground id="sa"/>
    <level value="0"/>
  </tile>
  <tile height="-3.0000305" x="15" y="16">
    <ground id="sa"/>
    <level value="0">
      <hWall id="sWall" reversed="true"/>
    </level>
  </tile>
  <tile height="-3.0000305" x="15" y="15">
    <ground id="pd"/>
    <level value="0"/>
  </tile>
  <tile height="-3.0000305" x="15" y="14">
    <ground id="pd"/>
    <level value="0">
      <hWall id="sdDoor"/>
    </level>
  </tile>
  <tile height="-23.00003" x="15" y="13">
    <ground id="pd"/>
    <level value="0"/>
  </tile>
  <tile height="-23.00003" x="15" y="12">
    <ground id="pd"/>
    <level value="0"/>
  </tile>
  <tile height="-23.00003" x="15" y="11">
    <ground id="fi"/>
    <level value="0"/>
  </tile>
  <tile height="-23.00003" x="15" y="10">
    <ground id="fi"/>
    <level value="0"/>
  </tile>
  <tile height="-23.00003" x="15" y="9">
    <ground id="fi"/>
    <level value="0"/>
  </tile>
  <tile height="-23.00003" x="15" y="8">
    <ground id="rcs"/>
    <level value="0"/>
  </tile>
  <tile height="-23.00003" x="15" y="7">
    <ground id="fi"/>
    <level value="0"/>
  </tile>
  <tile height="-23.00003" x="15" y="6">
    <ground id="fi"/>
    <level value="0"/>
  </tile>
  <tile height="-23.00003" x="15" y="5">
    <ground id="fi"/>
    <level value="0"/>
  </tile>
  <tile height="-23.00003" x="15" y="4">
    <ground id="fi"/>
    <level value="0"/>
  </tile>
  <tile height="-3.0000305" x="15" y="3">
    <ground id="pd"/>
    <level value="0">
      <hWall id="sdDoor" reversed="true"/>
    </level>
  </tile>
  <tile height="-3.0000305" x="15" y="2">
    <ground id="pd"/>
    <level value="0"/>
  </tile>
  <tile height="-3.0000305" x="15" y="1">
    <ground id="pd"/>
    <level value="0">
      <hWall id="sWall"/>
    </level>
  </tile>
  <tile height="-54.000015" x="15" y="0">
    <ground id="sa"/>
    <level value="0"/>
  </tile>
  <tile height="24.000015" x="16" y="17">
    <ground id="sa"/>
    <level value="0"/>
  </tile>
  <tile height="-3.0000305" x="16" y="16">
    <ground id="sa"/>
    <level value="0"/>
  </tile>
  <tile height="-3.0000305" x="16" y="15">
    <ground id="sa"/>
    <level value="0">
      <vWall id="sWall" reversed="true"/>
    </level>
  </tile>
  <tile height="-3.0000305" x="16" y="14">
    <ground id="sa"/>
    <level value="0">
      <vWall id="sWall" reversed="true"/>
    </level>
  </tile>
  <tile height="-23.00003" x="16" y="13">
    <ground id="sa"/>
    <level value="0">
      <vWall id="tsFence"/>
    </level>
  </tile>
  <tile height="-23.00003" x="16" y="12">
    <ground id="sa"/>
    <level value="0">
      <vWall id="tsFence"/>
    </level>
  </tile>
  <tile height="-23.00003" x="16" y="11">
    <ground id="sa"/>
    <level value="0">
      <vWall id="tsFence"/>
    </level>
  </tile>
  <tile height="-23.00003" x="16" y="10">
    <ground id="sa"/>
    <level value="0">
      <vWall id="tsFence"/>
    </level>
  </tile>
  <tile height="-23.00003" x="16" y="9">
    <ground id="sa"/>
    <level value="0">
      <vWall id="tsFence"/>
    </level>
  </tile>
  <tile height="-23.00003" x="16" y="8">
    <ground id="sa"/>
    <level value="0">
      <vWall id="tsPort"/>
    </level>
  </tile>
  <tile height="-23.00003" x="16" y="7">
    <ground id="sa"/>
    <level value="0">
      <vWall id="tsFence"/>
    </level>
  </tile>
  <tile height="-23.00003" x="16" y="6">
    <ground id="sa"/>
    <level value="0">
      <vWall id="tsFence"/>
    </level>
  </tile>
  <tile height="-23.00003" x="16" y="5">
    <ground id="sa"/>
    <level value="0">
      <vWall id="tsFence"/>
    </level>
  </tile>
  <tile height="-23.00003" x="16" y="4">
    <ground id="sa"/>
    <level value="0">
      <vWall id="tsFence"/>
    </level>
  </tile>
  <tile height="-3.0000305" x="16" y="3">
    <ground id="sa"/>
    <level value="0">
      <vWall id="tsFence"/>
    </level>
  </tile>
  <tile height="-3.0000305" x="16" y="2">
    <ground id="sa"/>
    <level value="0">
      <vWall id="sWall" reversed="true"/>
    </level>
  </tile>
  <tile height="-3.0000305" x="16" y="1">
    <ground id="sa"/>
    <level value="0">
      <vWall id="sWall" reversed="true"/>
    </level>
  </tile>
  <tile height="-64.000015" x="16" y="0">
    <ground id="sa"/>
    <level value="0"/>
  </tile>
  <tile height="29.000015" x="17" y="17">
    <ground id="sa"/>
    <level value="0"/>
  </tile>
  <tile height="10.999985" x="17" y="16">
    <ground id="sa"/>
    <level value="0"/>
  </tile>
  <tile height="5.9999847" x="17" y="15">
    <ground id="sa"/>
    <level value="0"/>
  </tile>
  <tile height="-5.9999847" x="17" y="14">
    <ground id="sa"/>
    <level value="0"/>
  </tile>
  <tile height="-10.0" x="17" y="13">
    <ground id="sa"/>
    <level value="0"/>
  </tile>
  <tile height="-16.99997" x="17" y="12">
    <ground id="sa"/>
    <level value="0"/>
  </tile>
  <tile height="-20.999985" x="17" y="11">
    <ground id="sa"/>
    <level value="0"/>
  </tile>
  <tile height="-25.999985" x="17" y="10">
    <ground id="sa"/>
    <level value="0"/>
  </tile>
  <tile height="-25.0" x="17" y="9">
    <ground id="sa"/>
    <level value="0"/>
  </tile>
  <tile height="-28.00003" x="17" y="8">
    <ground id="sa"/>
    <level value="0"/>
  </tile>
  <tile height="-25.999985" x="17" y="7">
    <ground id="sa"/>
    <level value="0"/>
  </tile>
  <tile height="-30.999985" x="17" y="6">
    <ground id="sa"/>
    <level value="0"/>
  </tile>
  <tile height="-33.00003" x="17" y="5">
    <ground id="sa"/>
    <level value="0"/>
  </tile>
  <tile height="-38.00003" x="17" y="4">
    <ground id="sa"/>
    <level value="0"/>
  </tile>
  <tile height="-41.99997" x="17" y="3">
    <ground id="sa"/>
    <level value="0"/>
  </tile>
  <tile height="-62.999992" x="17" y="2">
    <ground id="sa"/>
    <level value="0"/>
  </tile>
  <tile height="-62.000008" x="17" y="1">
    <ground id="sa"/>
    <level value="0"/>
  </tile>
  <tile height="-80.0" x="17" y="0">
    <ground id="sa"/>
    <level value="0"/>
  </tile>
</map>
